// Jest Snapshot v1, https://goo.gl/fbAQLP

exports[`srcComponents index exports modules correctly 1`] = `
Array [
  "Calculator",
]
`;
